---
source: src/tui.rs
expression: terminal.backend()
---
"                                        "
" ┌Search─────┐         ┌Replace───────┐ "
" │line       │ < TAB > │replacement   │ "
" └───────────┘         └──────────────┘ "
" ┌dir1/file2.txt──────────────────────┐ "
" │1      The first replacement.       │ "
" │2      The second replacement.      │ "
" │3      The third replacement.       │ "
" └────────────────────────────────────┘ "
" ┌file1.txt───────────────────────────┐ "
" │1      This is replacement one.     │ "
" │2      This is replacement two.     │ "
" │3      This is replacement three.   │ "
" └────────────────────────────────────┘ "
"                                        "
"                                        "
"                                        "
"                                        "
"                                        "
"                                        "
