---
source: src/tui.rs
expression: terminal.backend()
---
"                                                                                "
" ┌Search────────┐         ┌Replace───────┐                                      "
" │              │ < TAB > │              │                                      "
" └──────────────┘         └──────────────┘                                      "
"                                                                                "
"                                                                                "
"                                                                                "
"                                                                                "
"                                                                                "
"                                                                                "
"                                                                                "
"                                                                                "
"                                                                                "
"                                                                                "
"                                                                                "
"                                                                                "
"                                                                                "
"                                                                                "
"                                                                                "
"                                                                                "
