---
source: src/tui.rs
expression: terminal.backend()
---
"                                        "
" ┌Search─────┐         ┌Replace───────┐ "
" │This is    │ < tab > │${0}n't       │ "
" └───────────┘         └──────────────┘ "
" ┌file1.txt───────────────────────────┐ "
" │1      This isn't line one.         │ "
" │2      This isn't line two.         │ "
" │3      This isn't line three.       │ "
" └────────────────────────────────────┘ "
"                                        "
"                                        "
"                                        "
"                                        "
"                                        "
"                                        "
"                                        "
"                                        "
"                                        "
"                                        "
"                                        "
